---
source: src/tui/app/tests.rs
expression: "render(&mut app, 100, 14)"
---
╭ Queue · all ───────────────────╮╭ Review ────────────────────────────────────────────────────────╮
│   TO REVIEW                    ││                                                                │
│    ▁▁▁ ▁▁▁▁▁▁▁▁▁▁▁▁▁▁▁         ││                                                                │
│    ▁▁▁ ▁▁▁▁▁▁▁▁▁▁▁▁▁▁▁         ││                                                                │
│    ▁▁▁ ▁▁▁▁▁▁▁▁▁▁▁▁▁▁▁         ││                                                                │
│   MINE                         ││                      open a merge request                      │
│    ▁▁▁ ▁▁▁▁▁▁▁▁▁▁▁▁▁▁▁         ││                      to read its diff here                     │
│    ▁▁▁ ▁▁▁▁▁▁▁▁▁▁▁▁▁▁▁         ││                                                                │
│    ▁▁▁ ▁▁▁▁▁▁▁▁▁▁▁▁▁▁▁         ││                                                                │
│   WATCHING                     ││                                                                │
│    ▁▁▁ ▁▁▁▁▁▁▁▁▁▁▁▁▁▁▁         ││                                                                │
│    ▁▁▁ ▁▁▁▁▁▁▁▁▁▁▁▁▁▁▁         ││                                                                │
╰────────────────────────────────╯╰────────────────────────────────────────────────────────────────╯
 gitlab.com · nina                                                                           ? help
