---
source: src/tui/app/tests.rs
expression: "render(&mut app, 160, 45)"
---
╭ Queue · all ───────────────────╮╭ Review ────────────────────────────────────────────────────────────────────────────────────────────────────────────────────╮
│   TO REVIEW                1   ││                                                                                                                            │
│ ▎ feat charge cards at chec…   ││                                                                                                                            │
│ ▎ !42 · omar · 2h · +412 −╭ keys ────────────────────────────────────────────────────────────────────────────────────────────────╮                           │
│   MINE                    │                                                                                                      │                           │
│   fix flaky cache test    │  MOVE                                              COMMENT & PUBLISH                                 │                           │
│   !41 · nina · 4h · +3 −1 │        j k  move                                           c  comment on the line                    │                           │
│   WATCHING                │        g G  first, last                                    C  comment on the old side                │                           │
│   infra: new runner       │      ^d ^u  half a page                                    V  select lines                           │                           │
│   !35 · omar · 2d · +0 −0 │        h l  pane to the left, to the right                 s  suggest a change                       │                           │
│   DONE ▸                  │      enter  open, or toggle the fold                       E  write in $EDITOR                       │                           │
│                           │      esc x  close the pane, back to the queue      ⌥enter ^o  in the box: new line, $EDITOR          │                           │
│                           │  tab S-tab  next, previous file                          esc  drop the selection, leave the box      │                           │
│                           │      ]c [c  next, previous hunk                            P  publish every draft                    │                           │
│                           │      ]n [n  next, previous conversation                    A  approve, unapprove                     │                           │
│                           │      ]f [f  next, previous file with a thread                                                        │                           │
│                           │                                                    THREAD PANE                                       │                           │
│                           │  QUEUE                                                     r  reply, as a draft                      │                           │
│                           │          /  filter: words @author !42 ~label               R  resolve, unresolve                     │                           │
│                           │      ' 1-9  a saved view, by letter or rank              J K  next, previous thread on the line      │                           │
│                           │          *  this repo, or every project                  e d  edit, delete my draft                  │                           │
│                           │          s  next sort order                                S  apply the suggestion, after a y        │                           │
│                           │          S  group by author                                u  open the first link                    │                           │
│                           │      zo zc  open, fold the section                                                                   │                           │
│                           │                                                    ASK CLAUDE                                        │                           │
│                           │  VIEW                                                a e r s  explain, risks, summary                │                           │
│                           │          i  the MR description                       a t c a  thread, comment, anything              │                           │
│                           │          D  changed words inline, or split           c ⏎ R y  answer: draft, follow up, again, copy  │                           │
│                           │          t  file tree                                                                                │                           │
│                           │          p  pipeline                               SEARCH & APP                                      │                           │
│                           │         zz  reading mode                                  ^k  MRs · / files · > commands             │                           │
│                           │          w  wrap long lines                                :  commands: :go !42, :set theme=nord     │                           │
│                           │          W  hide whitespace-only changes                 o y  open in the browser, copy the link     │                           │
│                           │          +  more lines around the hunk                     r  refresh                                │                           │
│                           │          v  the file in your own program                   ?  this help                              │                           │
│                           │   za zc zo  toggle, close, open the fold                q ^c  quit                                   │                           │
│                           │      zM zR  fold, unfold every file                                                                  │                           │
│                           │         zh  fold the MR header                                                                       │                           │
│                           │         zv  file viewed: it folds away                                                               │                           │
│                           │                                                                                                      │                           │
│                           ╰─────────────────────────────────────────────────────────────────────────────────────────── esc close ╯                           │
│                                ││                                                                                                                            │
│                                ││                                                                                                                            │
╰────────────────────────────────╯╰────────────────────────────────────────────────────────────────────────────────────────────────────────────────────────────╯
 gitlab.com · nina                                                                                                                                       ? help
