---
source: src/tui/app/tests.rs
expression: "render(&mut app, 100, 24)"
---
╭ Queue · all ───────────────────╮╭ acme/widgets!42 · feat: charge cards at checkout ──────────────╮
│   TO REVIEW                  1 ││  omar · feat/checkout → main · 2h · +5 −3 · 2 files · ✓ succes │
│ ▎ !42 fe╭ !42 feat: charge cards at checkout ──────────────────────────────────────────╮         │
│   MINE  │ omar · feat/checkout → main                                                  │         │
│   !41 fi│                                                                              │         │
│   WATCHI│ ## Why                                                                       │outdated │
│   !35 in│                                                                              │         │
│   DONE ▸│ Cards were charged twice.                                                    │ Money)… │
│         │                                                                              │         │
│         │ • retry with idempotency_key                                                 │tency_k… │
│         │ • log the attempt                                                            │         │
│         │                                                                              │.await?; │
│         │                                                                              │         │
│         │                                                                              │         │
│         │                                                                              │         │
│         │                                                                              │         │
│         │                                                                              │y()))    │
│         │                                                                              │         │
│         │                                                                              │         │
│         ╰ j k scroll · o open in the browser · esc close ──────────────────────────────╯         │
│                                ││  ▸ Cargo.lock                                    +1 −1  folded │
│                                ││                                                                │
╰────────────────────────────────╯╰────────────────────────────────────────────────────────────────╯
 gitlab.com · nina · 1 unresolved                                                            ? help
