---
source: src/tui/app/tests.rs
expression: "render(&mut app, 100, 24)"
---
╭ Queue · all ───────────────────╮╭ acme/widgets!42 · feat: charge cards at checkout ──────────────╮
│   TO REVIEW                1   ││  omar · feat/checkout → main · 2h · +5 −3 · 2 files · ✓ succes │
│ ▎ feat charge card╭ search · files of the open MR ───────────────────────────╮                   │
│ ▎ !42 · omar · 2h │ / ch▌                                                    │                   │
│   MINE            │                                                          │                   │
│   fix flaky cache │ ▎· src/pay/charge.rs                                     │2  ◆1 · 1 outdated │
│   !41 · nina · 4h │   ↑↓ pick · enter jumps · ⌫ back to MRs · esc            │                   │
│   WATCHING        │                                                          │d, amount: Money)… │
│   infra: new runne│                                                          │;                  │
│   !35 · omar · 2d │                                                          │key(idempotency_k… │
│   DONE ▸          │                                                          │st();              │
│                   │                                                          │ge(amount).await?; │
│                   │                                                          │                   │
│                   │                                                          │                   │
│                   │                                                          │) -> Key {         │
│                   │                                                          │                   │
│                   │                                                          │card.expiry()))    │
│                   ╰──────────────────────────────────────────────────────────╯w                  │
│                                ││      42   44  }                                                │
│                                ││                                                                │
│                                ││  ▸ Cargo.lock                                    +1 −1  folded │
│                                ││                                                                │
╰────────────────────────────────╯╰────────────────────────────────────────────────────────────────╯
 gitlab.com · nina · 1 unresolved                                                            ? help
