---
source: src/tui/app/tests.rs
expression: "render(&mut app, 80, 24)"
---
╭ Queue · all ───────────────────╮╭ acme/widgets!42 · feat: charge ca… ────────╮
│   TO REVIEW                  1 ││  omar · 2h · +5 −3 · 2 files · ✓ success   │
│ ▎ !42 feat: charge cards at…   ││   1 of 2 approvals · 3 threads, 1 unresolv │
│   MINE                       1 ││  ◆ 1 on the MR  enter opens                │
│   !41 fix: flaky cache test  D ││                                            │
│   WATCHING                   1 ││ ▎▾ src/pay/charge…  +4 −2  ◆1 · 1 outdated │
│   !35 infra: new runner      ⠋ ││     ▾ @@ -12,4 +12,5 @@ pub async fn ch…   │
│   DONE ▸                     1 ││      12   12  pub async fn charge(card: &C │
│                                ││               ard, amount: Money) -> Resul │
│                                ││               t<Receipt> {                 │
│                                ││  ✓   13      -    let client = Client::new │
│                                ││               ();                          │
│                                ││           13 +    let client = Client::wit │
│                                ││               h_key(idempotency_key(card)) │
│                                ││               ;                            │
│                                ││           14 +    let attempt = Attempt::f │
│                                ││               irst();                      │
│                                ││      14   15      let response = client.ch │
│                                ││               arge(amount).await?;         │
│                                ││      15   16      audit::record(&response) │
│                                ││               ;                            │
│                                ││     ▾ @@ -40,3 +41,4 @@ fn idempotency_…   │
╰────────────────────────────────╯╰────────────────────────────────────────────╯
 ✓ long lines wrap                                                       ? help
