---
source: src/tui/app/tests.rs
expression: "render(&mut app, 160, 45)"
---
╭ Queue · all ─────────────────────────────╮╭ Review ──────────────────────────────────────────────────────────────────────────────────────────────────────────╮
│   ── TO REVIEW · 1 ───────────────────── ││                                                                                                                  │
│ ▎ feat charge cards at checkout          ││                                                                                                                  │
│ ▎ omar · !42 · +412 −38   ╭ keys ────────────────────────────────────────────────────────────────────────────────────────────────╮                           │
│                           │                                                                                                      │                           │
│   ── MINE · 1 ────────────│  MOVE                                              COMMENT & PUBLISH                                 │                           │
│   fix flaky cache test    │        j k  move                                           c  comment on the line                    │                           │
│   nina · !41 · +3 −1      │        g G  first, last                                    C  comment on the old side                │                           │
│                           │      ^d ^u  half a page                                    V  select lines                           │                           │
│   ── WATCHING · 1 ────────│        h l  pane to the left, to the right                 s  suggest a change                       │                           │
│   infra: new runner       │      enter  open, or toggle the fold                       E  write in $EDITOR                       │                           │
│   omar · !35 · +0 −0      │      esc x  close the pane, back to the queue      ⌥enter ^o  in the box: new line, $EDITOR          │                           │
│                           │  tab S-tab  next, previous file                          esc  drop the selection, leave the box      │                           │
│   ── ▸ DONE · 1 ──────────│      ]c [c  next, previous hunk                            P  publish every draft                    │                           │
│                           │      ]n [n  next, previous conversation                    A  approve, unapprove                     │                           │
│                           │      ]f [f  next, previous file with a thread              Y  share the MR, after a preview          │                           │
│                           │                                                                                                      │                           │
│                           │  QUEUE                                             THREAD PANE                                       │                           │
│                           │          /  filter: words @author !42 ~label               r  reply, as a draft                      │                           │
│                           │      ' 1-9  a saved view, by letter or rank                R  resolve, unresolve                     │                           │
│                           │          *  this repo, or every project                  J K  next, previous thread on the line      │                           │
│                           │          s  next sort order                              e d  edit, delete my draft                  │                           │
│                           │          S  group by author                                S  apply the suggestion, after a y        │                           │
│                           │      zo zc  open, fold the section or stack                u  open the first link                    │                           │
│                           │                                                                                                      │                           │
│                           │  VIEW                                              ASK CLAUDE                                        │                           │
│                           │          i  the MR cover page                        a e r s  explain, risks, summary                │                           │
│                           │          D  changed words inline, or split           a t c a  thread, comment, anything              │                           │
│                           │          t  file tree                                c ⏎ R y  answer: draft, follow up, again, copy  │                           │
│                           │          p  pipeline                                                                                 │                           │
│                           │         zz  reading mode                           SEARCH & APP                                      │                           │
│                           │          w  wrap long lines                               ^k  MRs · / files · > commands             │                           │
│                           │          W  hide whitespace-only changes                   :  commands: :go !42, :set theme=nord     │                           │
│                           │          +  more lines around the hunk                   o y  open in the browser, copy the link     │                           │
│                           │          v  the file in your own program                   r  refresh                                │                           │
│                           │   za zc zo  toggle, close, open the fold                   ?  this help                              │                           │
│                           │      zM zR  fold, unfold every file                     q ^c  quit                                   │                           │
│                           │         zh  fold the MR header                                                                       │                           │
│                           │         zv  file viewed: it folds away                                                               │                           │
│                           │                                                                                                      │                           │
│                           ╰─────────────────────────────────────────────────────────────────────────────────────────── esc close ╯                           │
│                                          ││                                                                                                                  │
│                                          ││                                                                                                                  │
╰──────────────────────────────────────────╯╰──────────────────────────────────────────────────────────────────────────────────────────────────────────────────╯
 gitlab.com · nina                                                                                                                                       ? help
