---
source: src/tui/app/tests.rs
expression: "render(&mut app, 80, 24)"
---
╭ Queu╭ keys · 4–24 of 54 · j k scroll ──────────────────────────────────╮─────╮
│   TO│        h l  pane to the left; open the MR, or a marked line's th │     │
│ ▎ !4│      enter  open the MR, a marked line's threads, or toggle the  │     │
│   MI│      esc x  close the right pane; esc again goes back to the que │     │
│   !4│          /  filter the queue                                     │     │
│   WA│          *  in the queue: this repo only, or every project       │     │
│   !3│          i  the MR description                                   │     │
│   DO│          r  refresh                                              │     │
│     │          o  open in the browser (the line, in a diff)            │     │
│     │          y  copy the URL                                         │     │
│     │  click !42  open the MR, in terminals that follow links          │     │
│     │  tab S-tab  next, previous file                                  │     │
│     │      ]c [c  next, previous hunk                                  │     │
│     │      ]n [n  next, previous line with a conversation; the pane fo │     │
│     │      ]f [f  next, previous file with an open thread              │     │
│     │         za  toggle the fold under the cursor                     │     │
│     │          D  changed words inline, or every line split            │     │
│     │      zc zo  close, open                                          │     │
│     │      zM zR  fold, unfold every file                              │     │
│     │      zo zc  in the queue: open, fold the section (enter too)     │     │
│     │         zh  fold the MR header to one row                        │     │
│     │          t  file tree: enter jumps to a file or folds a folder,  │     │
╰─────╰──────────────────────────────────────────────────────────────────╯─────╯
 gitlab.com · nina                                                       ? help
