---
source: src/tui/app/prose.rs
assertion_line: 221
expression: "render(&mut app, 120, 20)"
---
╭ Queue · all ───────────────────╮╭ acme/widgets!42 · feat: charge cards at checkout ──────────────────────────────────╮
│   ── TO REVIEW · 1 ─────────── ││  omar · feat/checkout → main · 2h · +4 −1 · 1 files · ✓ success                    │
│ ▎ feat charge cards at ch…     ││   1 of 2 approvals                                                                 │
│ ▎ omar · !42 · +412 −38     2h ││ docs/README.md · prose                                                             │
│                                ││                                                                                    │
│   ── MINE · 1 ──────────────── ││   Widgets                                                                          │
│   fix flaky cache test       D ││   ━━━━━━━━━━━━━━━━━━━━━━━━━━━━━━━━━━━━━━━━━━━━━━━━━━━━━━━━━━━━━━━━━━━━━━━━━━━━━━━━ │
│   nina · !41 · +3 −1        4h ││                                                                                    │
│                                ││   Acme widgets for nina.                                                           │
│   ── WATCHING · 1 ──────────── ││                                                                                    │
│   infra: new runner          ⠋ ││   • one                                                                            │
│   omar · !35 · +0 −0        2d ││                                                                                    │
│                                ││   • two                                                                            │
│   ── ▸ DONE · 1 ────────────── ││                                                                                    │
│                                ││                                                                                    │
│                                ││                                                                                    │
│                                ││                                                                                    │
│                                ││                                                                                    │
╰────────────────────────────────╯╰────────────────────────────────────────────────────────────────────────────────────╯
 gitlab.com · nina                                                                                               ? help
