---
source: src/tui/app/tests.rs
expression: "render(&mut app, 100, 20)"
---
╭ Queue · all ───────────────────╮╭ acme/widgets!42 · feat: charge cards at checkout ──────────────╮
│   TO REVIEW       ╭ jump ────────────────────────────────────────────────────╮2 files · ✓ succes │
│ ▎ feat charge card│ › ch▌                                                    │                   │
│ ▎ !42 · omar · 2h │ ▎· src/pay/charge.rs                                     │                   │
│   MINE            │  ◆ !42 feat: charge cards at checkout                    │                   │
│   fix flaky cache │  ◆ !41 fix: flaky cache test                             │2  ◆1 · 1 outdated │
│   !41 · nina · 4h │                                                          │                   │
│   WATCHING        │                                                          │d, amount: Money)… │
│   infra: new runne│                                                          │;                  │
│   !35 · omar · 2d │                                                          │key(idempotency_k… │
│   DONE ▸          │                                                          │st();              │
│                   │                                                          │ge(amount).await?; │
│                   │                                                          │                   │
│                   │                                                          │                   │
│                   │                                                          │) -> Key {         │
│                   ╰──────────────────────────────────────────────────────────╯                   │
│                                ││           42 +    Key::from((card.number(), card.expiry()))    │
│                                ││           43 +    // hunk two, line 43 is new                  │
╰────────────────────────────────╯╰────────────────────────────────────────────────────────────────╯
 gitlab.com · nina · 1 unresolved                                                            ? help
