---
source: src/tui/diff_view.rs
expression: "lines.join(\"\\n---\\n\")"
---
Some(Rgb(86, 95, 137))/None "   1    1 "
Some(Rgb(137, 221, 255))/None "#"
Some(Rgb(187, 154, 247))/None "Plans"
---
Some(Rgb(86, 95, 137))/None "   2    2 "
---
Some(Rgb(86, 95, 137))/Some(Rgb(48, 36, 48)) "   3      "
Some(Rgb(247, 118, 142))/Some(Rgb(48, 36, 48)) "-"
Some(Rgb(59, 66, 97))/Some(Rgb(48, 36, 48)) "│"
Some(Reset)/Some(Rgb(48, 36, 48)) " Plan "
Some(Rgb(59, 66, 97))/Some(Rgb(48, 36, 48)) "│"
Some(Reset)/Some(Rgb(48, 36, 48)) " Seats "
Some(Rgb(59, 66, 97))/Some(Rgb(48, 36, 48)) "│"
---
Some(Rgb(86, 95, 137))/Some(Rgb(39, 44, 44)) "        3 "
Some(Rgb(158, 206, 106))/Some(Rgb(39, 44, 44)) "+"
Some(Rgb(59, 66, 97))/Some(Rgb(39, 44, 44)) "│"
Some(Reset)/Some(Rgb(39, 44, 44)) " Plan "
Some(Rgb(59, 66, 97))/Some(Rgb(39, 44, 44)) "│"
Some(Reset)/Some(Rgb(39, 44, 44)) " Seats "
Some(Rgb(158, 206, 106))/Some(Rgb(59, 71, 55)) "\\|"
Some(Rgb(158, 206, 106))/Some(Rgb(59, 71, 55)) " max "
Some(Rgb(59, 66, 97))/Some(Rgb(39, 44, 44)) "│"
---
Some(Rgb(86, 95, 137))/None "   4    4 "
Some(Rgb(59, 66, 97))/None "│"
Some(Rgb(137, 221, 255))/None ":"
Some(Rgb(59, 66, 97))/None "─"
Some(Rgb(59, 66, 97))/None "─"
Some(Rgb(59, 66, 97))/None "─"
Some(Rgb(59, 66, 97))/None "─"
Some(Rgb(59, 66, 97))/None "─"
Some(Rgb(59, 66, 97))/None "┼"
Some(Rgb(59, 66, 97))/None "─"
Some(Rgb(59, 66, 97))/None "─"
Some(Rgb(59, 66, 97))/None "─"
Some(Rgb(59, 66, 97))/None "─"
Some(Rgb(59, 66, 97))/None "─"
Some(Rgb(59, 66, 97))/None "─"
Some(Rgb(137, 221, 255))/None ":"
Some(Rgb(59, 66, 97))/None "│"
---
Some(Rgb(86, 95, 137))/None "   5    5 "
Some(Rgb(59, 66, 97))/None "│"
None/None " Team "
Some(Rgb(59, 66, 97))/None "│"
Some(Rgb(137, 221, 255))/None "*"
Some(Rgb(255, 158, 100))/None "10"
Some(Rgb(137, 221, 255))/None "*"
Some(Rgb(59, 66, 97))/None "│"
---
Some(Rgb(86, 95, 137))/None "   3    3 "
Some(Rgb(255, 158, 100))/None "~"
Some(Rgb(59, 66, 97))/None "│"
None/None " Plan "
Some(Rgb(59, 66, 97))/None "│"
None/None " Seats "
Some(Rgb(158, 206, 106))/Some(Rgb(59, 71, 55)) "\\| max "
Some(Rgb(59, 66, 97))/None "│"
